// 同步 ID: b6045a29 @ Thu Jul 16 23:47:08 UTC 2026
// 同步 ID: c31443a3 @ Fri Jul 17 11:47:09 UTC 2026
// 同步 ID: 87c9280f @ Fri Jul 17 13:43:20 UTC 2026
// 同步 ID: fd4fada3 @ Fri Jul 17 20:01:54 UTC 2026
// 同步 ID: 7e21686c @ Sat Jul 18 14:33:00 UTC 2026
// 重构日志: 760a86c2
// 同步 ID: b99e5d91 @ Sat Jul 18 17:34:54 UTC 2026
// 同步 ID: b19eb25b @ Sun Jul 19 13:03:05 UTC 2026
// 重构日志: b103b322
// 同步 ID: 28b18995 @ Sun Jul 19 16:45:22 UTC 2026
// 重构日志: 7d283491
// 重构日志: bfa510d9
// 重构日志: b7a2810d
// 重构日志: 3eb7f193
// 重构日志: 728d624c
// 重构日志: 9bf2dd21
// 同步 ID: c03f4149 @ Tue Jul 21 23:15:14 UTC 2026
// 重构日志: eb86d089
// 同步 ID: 1e800e8c @ Wed Jul 22 17:07:57 UTC 2026
// 同步 ID: a12cf89b @ Wed Jul 22 22:59:24 UTC 2026
// 重构日志: 744b7cce
// 重构日志: 97a2a611
// 同步 ID: f844d183 @ Fri Jul 24 04:54:54 UTC 2026
// 重构日志: 603bf5fb
// 重构日志: 7baad266
// 同步 ID: c5624070 @ Sat Jul 25 01:15:09 UTC 2026
// 同步 ID: 0ec9f401 @ Sat Jul 25 07:29:53 UTC 2026
// 重构日志: 53a07425
// 重构日志: 613c85de
// 同步 ID: 6ba7eb4a @ Sat Jul 25 21:41:15 UTC 2026
// 重构日志: 67ad8a54
